2026-06-21 08:15:44,852 - INFO - [BHEL_NS] Inserted 374 rows (duplicates ignored)
2026-06-21 08:15:44,853 - INFO - Inserted 374 rows for BHEL.NS
2026-06-21 08:15:44,979 - INFO - [BSE_NS] Inserted 374 rows (duplicates ignored)
2026-06-21 08:15:44,979 - INFO - Inserted 374 rows for BSE.NS
2026-06-21 08:15:45,116 - INFO - [COFORGE_NS] Inserted 374 rows (duplicates ignored)
2026-06-21 08:15:45,116 - INFO - Inserted 374 rows for COFORGE.NS
2026-06-21 08:15:45,250 - INFO - [COLPAL_NS] Inserted 374 rows (duplicates ignored)
2026-06-21 08:15:45,250 - INFO - Inserted 374 rows for COLPAL.NS
2026-06-21 08:15:45,396 - INFO - [DABUR_NS] Inserted 374 rows (duplicates ignored)
2026-06-21 08:15:45,396 - INFO - Inserted 374 rows for DABUR.NS
2026-06-21 08:15:45,521 - INFO - [DIXON_NS] Inserted 374 rows (duplicates ignored)
2026-06-21 08:15:45,521 - INFO - Inserted 374 rows for DIXON.NS
2026-06-21 08:15:45,666 - INFO - [FEDERALBNK_NS] Inserted 374 rows (duplicates ignored)
2026-06-21 08:15:45,666 - INFO - Inserted 374 rows for FEDERALBNK.NS
2026-06-21 08:15:45,777 - INFO - [FORTIS_NS] Inserted 374 rows (duplicates ignored)
2026-06-21 08:15:45,778 - INFO - Inserted 374 rows for FORTIS.NS
2026-06-21 08:15:45,891 - INFO - [GMRAIRPORT_NS] Inserted 374 rows (duplicates ignored)
2026-06-21 08:15:45,891 - INFO - Inserted 374 rows for GMRAIRPORT.NS
2026-06-21 08:15:46,024 - INFO - [GODREJPROP_NS] Inserted 374 rows (duplicates ignored)
2026-06-21 08:15:46,024 - INFO - Inserted 374 rows for GODREJPROP.NS
2026-06-21 08:15:46,176 - INFO - [HAVELLS_NS] Inserted 374 rows (duplicates ignored)
2026-06-21 08:15:46,177 - INFO - Inserted 374 rows for HAVELLS.NS
2026-06-21 08:15:46,311 - INFO - [HEROMOTOCO_NS] Inserted 374 rows (duplicates ignored)
2026-06-21 08:15:46,311 - INFO - Inserted 374 rows for HEROMOTOCO.NS
2026-06-21 08:15:46,454 - INFO - [HINDPETRO_NS] Inserted 374 rows (duplicates ignored)
2026-06-21 08:15:46,454 - INFO - Inserted 374 rows for HINDPETRO.NS
2026-06-21 08:15:46,607 - INFO - [ICICIBANK_NS] Inserted 374 rows (duplicates ignored)
2026-06-21 08:15:46,607 - INFO - Inserted 374 rows for ICICIBANK.NS
2026-06-21 08:15:46,624 - INFO - Cycle complete. README updated.
